// Jest Snapshot v1, https://goo.gl/fbAQLP

exports[`MoviePageOverview component renders correctly 1`] = `
Array [
  <div
    className="movie-rating"
  >
    <div
      className="movie-rating__score"
    >
      8.9
    </div>
    <p
      className="movie-rating__meta"
    >
      <span
        className="movie-rating__level"
      >
        Very good
      </span>
      <span
        className="movie-rating__count"
      >
         ratings
      </span>
    </p>
  </div>,
  <div
    className="movie-card__text"
  >
    <p>
      Получив от отца небольшую фабрику, Говард Хьюз превратил ее в гигантское, фантастически прибыльное предприятие. Став владельцем огромной кинокомпании, он снял самый дорогой для своего времени фильм и покорил сердца прелестнейших голливудских актрис.
    </p>
    <p
      className="movie-card__director"
    >
      <strong>
        Director: 
        Мартин Скорсезе
      </strong>
    </p>
    <p
      className="movie-card__starring"
    >
      <strong>
        Starring: 
        Леонардо ДиКаприо, Кейт Бланшетт, Мэтт Росс, Джон Си Райли, Алан Алда, Кейт Бекинсейл, Алек Болдуин, Иэн Холм, Адам Скотт, Дэнни Хьюстон 
        and other
      </strong>
    </p>
  </div>,
]
`;
