// Jest Snapshot v1, https://goo.gl/fbAQLP

exports[`SmallMovieCard component renders correctly 1`] = `
<article
  className="small-movie-card catalog__movies-card"
  onMouseEnter={[Function]}
>
  <a
    href="/films/4"
    onClick={[Function]}
  />
  <h3
    className="small-movie-card__title"
  >
    <a
      className="small-movie-card__link"
      href="/films/4"
      onClick={[Function]}
    >
      Авиатор
    </a>
  </h3>
</article>
`;
